// Jest Snapshot v1, https://goo.gl/fbAQLP

exports[`Schema ctor matches sshot: schema1 1`] = `
Schema {
  "indexes": Array [
    "x2",
  ],
  "name": "schema1",
  "properties": Object {
    "x1": Object {
      "type": "string",
    },
    "x2": Object {
      "index": true,
      "type": "string",
    },
    "x3": Object {
      "_type": "number",
      "type": "number",
    },
  },
  "required": Array [
    "x2",
  ],
  "type": "object",
  "version": 0,
}
`;
