// Jest Snapshot v1, https://goo.gl/fbAQLP

exports[`Taxonomy class constructor matches snapshot: sosete 1`] = `
Taxonomy {
  "form": Form {
    "$active": false,
    "_onsubmit": Array [
      [Function],
    ],
    "fields": Object {
      "createdAt": Field {
        "_index": true,
        "_type": "dateTime",
        "default": undefined,
        "preview": undefined,
        "storage": "db",
        "type": "number",
        "value": [Function],
      },
      "lungime": Field {
        "_type": "number",
        "default": undefined,
        "key": "lungime",
        "preview": undefined,
        "storage": "db",
        "type": "number",
        "value": [Function],
      },
      "name": Field {
        "_type": undefined,
        "default": undefined,
        "key": "name",
        "preview": undefined,
        "storage": "db",
        "type": "string",
        "value": [Function],
      },
      "numar": Field {
        "_index": true,
        "_type": "number",
        "default": undefined,
        "key": "numar",
        "preview": undefined,
        "storage": "db",
        "type": "number",
        "value": [Function],
      },
      "updatedAt": Field {
        "_index": true,
        "_type": "dateTime",
        "default": undefined,
        "preview": undefined,
        "storage": "db",
        "type": "number",
        "value": [Function],
      },
    },
    "name": "soseta",
    "opts": Object {
      "captureTimestamp": true,
    },
    "plural": "sosetai",
    "schema": Schema {
      "indexes": Array [
        "numar",
        "createdAt",
        "updatedAt",
      ],
      "name": "soseta",
      "properties": Object {
        "createdAt": Object {
          "_index": true,
          "_type": "dateTime",
          "type": "number",
        },
        "lungime": Object {
          "_type": "number",
          "key": "lungime",
          "type": "number",
        },
        "name": Object {
          "key": "name",
          "type": "string",
        },
        "numar": Object {
          "_index": true,
          "_type": "number",
          "key": "numar",
          "type": "number",
        },
        "updatedAt": Object {
          "_index": true,
          "_type": "dateTime",
          "type": "number",
        },
      },
      "required": Array [],
      "type": "object",
      "version": 0,
    },
  },
  "lastItems": Array [],
  "options": Object {
    "timestamps": true,
  },
  "refsIds": Array [],
  "totals": 0,
}
`;
