// Jest Snapshot v1, https://goo.gl/fbAQLP

exports[`Taxonomy class constructor matches snapshot: sosete 1`] = `
Taxonomy {
  "form": Form {
    "$active": false,
    "_onsubmit": Array [
      [Function],
    ],
    "fields": Object {
      "createdAt": Field {
        "default": undefined,
        "index": true,
        "storage": "db",
        "type": "number",
        "value": [Function],
      },
      "lungime": Field {
        "default": undefined,
        "storage": "db",
        "type": "number",
        "value": [Function],
      },
      "name": Field {
        "default": undefined,
        "storage": "db",
        "type": "string",
        "value": [Function],
      },
      "numar": Field {
        "default": undefined,
        "index": true,
        "storage": "db",
        "type": "number",
        "value": [Function],
      },
      "updatedAt": Field {
        "default": undefined,
        "index": true,
        "storage": "db",
        "type": "number",
        "value": [Function],
      },
    },
    "name": "soseta",
    "opts": Object {
      "captureTimestamp": true,
    },
    "plural": "sosetai",
    "schema": Schema {
      "name": "soseta",
      "properties": Object {
        "createdAt": Object {
          "index": true,
          "type": "number",
        },
        "lungime": Object {
          "type": "number",
        },
        "name": Object {
          "type": "string",
        },
        "numar": Object {
          "index": true,
          "type": "number",
        },
        "updatedAt": Object {
          "index": true,
          "type": "number",
        },
      },
      "required": Array [],
      "type": "object",
      "version": 0,
    },
  },
  "lastItems": Array [],
  "options": Object {
    "timestamps": true,
  },
  "refsIds": Array [],
}
`;
