// Jest Snapshot v1, https://goo.gl/fbAQLP

exports[`Lodger .build() positive matches snapshot: lodger 1`] = `
Lodger {
  "plugins": Array [],
  "taxonomies": Array [
    "apartamenti",
    "asociatii",
    "blocuri",
    "cheltuialai",
    "contori",
    "facturai",
    "furnizori",
    "incasarei",
    "serviciui",
    "utilizatori",
  ],
}
`;
