// Jest Snapshot v1, https://goo.gl/fbAQLP

exports[`Lodger .build() positive matches snapshot: lodger 1`] = `
Lodger {
  "plugins": Array [],
  "supportedLangs": Array [
    Object {
      "code": "en",
      "name": "English",
      "nativeName": "English",
      "supported": true,
    },
    Object {
      "code": "ro",
      "name": "Romanian, Moldavian, Moldovan",
      "nativeName": "română",
      "supported": true,
    },
  ],
  "taxonomies": Array [
    "apartamente",
    "asociatii",
    "blocuri",
    "cheltuieli",
    "contoare",
    "facturi",
    "furnizori",
    "incasari",
    "servicii",
    "utilizatori",
  ],
}
`;
